n/screenshotb40.png
n/screenshotb34.png
n/screenshotb59.png
n/screenshotb57.png
n/screenshotb56.png
n/screenshotb49.png
n/screenshotb48.png
n/screenshotb47.png
n/screenshotb41.png
n/screenshotb32.png
n/screenshotb27.png
n/screenshotb26.png
n/screenshotb24.png
n/screenshotb23.png
n/screenshotb20.png
n/screenshotb19.png
n/screenshotb17.png
n/screenshotb14.png
n/screenshotb5.png
n/screenshotb1.png
n/screenshota117.png
n/screenshota110.png
n/screenshota108.png
n/screenshota105.png
n/screenshota104.png
n/screenshota100.png
n/screenshota96.png
n/screenshota89.png
n/screenshota85.png
n/screenshota72.png
n/screenshota65.png
n/screenshota63.png
n/screenshota62.png
n/screenshota59.png
n/screenshota55.png
n/screenshota54.png
n/screenshota52.png
n/screenshota51.png
n/screenshota49.png
n/screenshota48.png
n/screenshota38.png
n/screenshota35.png
n/screenshota34.png
n/screenshota33.png
n/screenshota32.png
n/screenshota27.png
n/screenshota26.png
n/screenshota25.png
n/screenshota21.png
n/screenshota15.png
n/screenshota14.png
n/screenshota13.png
n/screenshota11.png
n/screenshota7.png
n/screenshota5.png
n/screenshota4.png
n/screenshot119.png
n/screenshot118.png
n/screenshot116.png
n/screenshot111.png
n/screenshot110.png
n/screenshot106.png
n/screenshot98.png
n/screenshot96.png
n/screenshot94.png
n/screenshot85.png
n/screenshot81.png
n/screenshot80.png
n/screenshot78.png
n/screenshot71.png
n/screenshot69.png
n/screenshot68.png
n/screenshot66.png
n/screenshot64.png
n/screenshot63.png
n/screenshot61.png
n/screenshot57.png
n/screenshot55.png
n/screenshot52.png
n/screenshot48.png
n/screenshot46.png
n/screenshot44.png
n/screenshot43.png
n/screenshot38.png
n/screenshot36.png
n/screenshot35.png
n/screenshot28.png
n/screenshot27.png
n/screenshot25.png
n/screenshot24.png
n/screenshot23.png
n/screenshot20.png
n/screenshot19.png
n/screenshot16.png
n/screenshot5.png
n/screenshot1.png
n/screenshot0.png
n/1657537780154.png
n/1657537780153.png
n/1657537780150.png
n/1657537780146.png
n/1657537780158.png
n/1657537780161.png